Copyright 1986-2020 Xilinx, Inc. All Rights Reserved.
------------------------------------------------------------------------------------------------------------------------------------
| Tool Version      : Vivado v.2020.1 (lin64) Build 2902540 Wed May 27 19:54:35 MDT 2020
| Date              : Thu Aug  6 23:24:00 2026
| Host              : DESKTOP-TEFC33U running 64-bit Ubuntu 18.04.6 LTS
| Command           : report_timing_summary -file /home/atw/gemm_acc_prj_build/systolic_array_project_24x24/deploy/timing_synth.rpt
| Design            : system_wrapper
| Device            : xczu4ev-sfvc784
| Speed File        : -1  PRODUCTION 1.27 02-28-2020
| Temperature Grade : I
------------------------------------------------------------------------------------------------------------------------------------

Timing Summary Report

------------------------------------------------------------------------------------------------
| Timer Settings
| --------------
------------------------------------------------------------------------------------------------

  Enable Multi Corner Analysis               :  Yes
  Enable Pessimism Removal                   :  Yes
  Pessimism Removal Resolution               :  Nearest Common Node
  Enable Input Delay Default Clock           :  No
  Enable Preset / Clear Arcs                 :  No
  Disable Flight Delays                      :  No
  Ignore I/O Paths                           :  No
  Timing Early Launch at Borrowing Latches   :  No
  Borrow Time for Max Delay Exceptions       :  Yes
  Merge Timing Exceptions                    :  Yes

  Corner  Analyze    Analyze    
  Name    Max Paths  Min Paths  
  ------  ---------  ---------  
  Slow    Yes        Yes        
  Fast    Yes        Yes        



check_timing report

Table of Contents
-----------------
1. checking no_clock (8)
2. checking constant_clock (0)
3. checking pulse_width_clock (0)
4. checking unconstrained_internal_endpoints (1)
5. checking no_input_delay (0)
6. checking no_output_delay (0)
7. checking multiple_clock (0)
8. checking generated_clocks (0)
9. checking loops (0)
10. checking partial_input_delay (0)
11. checking partial_output_delay (0)
12. checking latch_loops (0)

1. checking no_clock (8)
------------------------
 There are 8 register/latch pins with no clock (HIGH)


2. checking constant_clock (0)
------------------------------
 There are 0 register/latch pins with constant_clock.


3. checking pulse_width_clock (0)
---------------------------------
 There are 0 register/latch pins which need pulse_width check


4. checking unconstrained_internal_endpoints (1)
------------------------------------------------
 There are 0 pins that are not constrained for maximum delay.

 There is 1 pin that is not constrained for maximum delay due to constant clock. (MEDIUM)


5. checking no_input_delay (0)
------------------------------
 There are 0 input ports with no input delay specified.

 There are 0 input ports with no input delay but user has a false path constraint.


6. checking no_output_delay (0)
-------------------------------
 There are 0 ports with no output delay specified.

 There are 0 ports with no output delay but user has a false path constraint

 There are 0 ports with no output delay but with a timing clock defined on it or propagating through it


7. checking multiple_clock (0)
------------------------------
 There are 0 register/latch pins with multiple clocks.


8. checking generated_clocks (0)
--------------------------------
 There are 0 generated clocks that are not connected to a clock source.


9. checking loops (0)
---------------------
 There are 0 combinational loops in the design.


10. checking partial_input_delay (0)
------------------------------------
 There are 0 input ports with partial input delay specified.


11. checking partial_output_delay (0)
-------------------------------------
 There are 0 ports with partial output delay specified.


12. checking latch_loops (0)
----------------------------
 There are 0 combinational latch loops in the design through latch input



------------------------------------------------------------------------------------------------
| Design Timing Summary
| ---------------------
------------------------------------------------------------------------------------------------

    WNS(ns)      TNS(ns)  TNS Failing Endpoints  TNS Total Endpoints      WHS(ns)      THS(ns)  THS Failing Endpoints  THS Total Endpoints     WPWS(ns)     TPWS(ns)  TPWS Failing Endpoints  TPWS Total Endpoints  
    -------      -------  ---------------------  -------------------      -------      -------  ---------------------  -------------------     --------     --------  ----------------------  --------------------  
      2.539        0.000                      0                75849       -0.078     -959.876                  42470                75849        1.000        0.000                       0                 17211  


Timing constraints are not met.


------------------------------------------------------------------------------------------------
| Clock Summary
| -------------
------------------------------------------------------------------------------------------------

Clock     Waveform(ns)         Period(ns)      Frequency(MHz)
-----     ------------         ----------      --------------
clk_pl_0  {0.000 2.500}        5.000           200.000         


------------------------------------------------------------------------------------------------
| Intra Clock Table
| -----------------
------------------------------------------------------------------------------------------------

Clock             WNS(ns)      TNS(ns)  TNS Failing Endpoints  TNS Total Endpoints      WHS(ns)      THS(ns)  THS Failing Endpoints  THS Total Endpoints     WPWS(ns)     TPWS(ns)  TPWS Failing Endpoints  TPWS Total Endpoints  
-----             -------      -------  ---------------------  -------------------      -------      -------  ---------------------  -------------------     --------     --------  ----------------------  --------------------  
clk_pl_0            2.539        0.000                      0                60309       -0.078     -959.876                  42470                60309        1.000        0.000                       0                 17211  


------------------------------------------------------------------------------------------------
| Inter Clock Table
| -----------------
------------------------------------------------------------------------------------------------

From Clock    To Clock          WNS(ns)      TNS(ns)  TNS Failing Endpoints  TNS Total Endpoints      WHS(ns)      THS(ns)  THS Failing Endpoints  THS Total Endpoints  
----------    --------          -------      -------  ---------------------  -------------------      -------      -------  ---------------------  -------------------  


------------------------------------------------------------------------------------------------
| Other Path Groups Table
| -----------------------
------------------------------------------------------------------------------------------------

Path Group         From Clock         To Clock               WNS(ns)      TNS(ns)  TNS Failing Endpoints  TNS Total Endpoints      WHS(ns)      THS(ns)  THS Failing Endpoints  THS Total Endpoints  
----------         ----------         --------               -------      -------  ---------------------  -------------------      -------      -------  ---------------------  -------------------  
**async_default**  clk_pl_0           clk_pl_0                 3.932        0.000                      0                15540        0.160        0.000                      0                15540  


------------------------------------------------------------------------------------------------
| Timing Details
| --------------
------------------------------------------------------------------------------------------------


---------------------------------------------------------------------------------------------------
From Clock:  clk_pl_0
  To Clock:  clk_pl_0

Setup :            0  Failing Endpoints,  Worst Slack        2.539ns,  Total Violation        0.000ns
Hold  :        42470  Failing Endpoints,  Worst Slack       -0.078ns,  Total Violation     -959.876ns
PW    :            0  Failing Endpoints,  Worst Slack        1.000ns,  Total Violation        0.000ns
---------------------------------------------------------------------------------------------------


Max Delay Paths
--------------------------------------------------------------------------------------
Slack (MET) :             2.539ns  (required time - arrival time)
  Source:                 system_i/axi_ctrl_top_0/inst/u_fsm/FSM_onehot_state_r_reg[2]/C
                            (rising edge-triggered cell FDCE clocked by clk_pl_0  {rise@0.000ns fall@2.500ns period=5.000ns})
  Destination:            system_i/axi_ctrl_top_0/inst/u_sa/ROW_GEN[0].COL_GEN[0].pe_inst/psum_out0/DSP_OUTPUT_INST/CEP
                            (rising edge-triggered cell DSP_OUTPUT clocked by clk_pl_0  {rise@0.000ns fall@2.500ns period=5.000ns})
  Path Group:             clk_pl_0
  Path Type:              Setup (Max at Slow Process Corner)
  Requirement:            5.000ns  (clk_pl_0 rise@5.000ns - clk_pl_0 rise@0.000ns)
  Data Path Delay:        1.940ns  (logic 0.096ns (4.948%)  route 1.844ns (95.052%))
  Logic Levels:           0  
  Clock Path Skew:        -0.145ns (DCD - SCD + CPR)
    Destination Clock Delay (DCD):    2.606ns = ( 7.606 - 5.000 ) 
    Source Clock Delay      (SCD):    2.791ns
    Clock Pessimism Removal (CPR):    0.040ns
  Clock Uncertainty:      0.137ns  ((TSJ^2 + DJ^2)^1/2) / 2 + PE
    Total System Jitter     (TSJ):    0.071ns
    Discrete Jitter          (DJ):    0.266ns
    Phase Error              (PE):    0.000ns

    Location             Delay type                Incr(ns)  Path(ns)    Netlist Resource(s)
  -------------------------------------------------------------------    -------------------
                         (clock clk_pl_0 rise edge)
                                                      0.000     0.000 r  
                         PS8                          0.000     0.000 r  system_i/zynq_ultra_ps_e_0/inst/PS8_i/PLCLK[0]
                         net (fo=1, unplaced)         0.178     0.178    system_i/zynq_ultra_ps_e_0/inst/pl_clk_unbuffered[0]
                         BUFG_PS (Prop_BUFG_PS_I_O)
                                                      0.029     0.207 r  system_i/zynq_ultra_ps_e_0/inst/buffer_pl_clk_0.PL_CLK_0_BUFG/O
                         net (fo=20093, unplaced)     2.584     2.791    system_i/axi_ctrl_top_0/inst/u_fsm/s_axi_aclk
                         FDCE                                         r  system_i/axi_ctrl_top_0/inst/u_fsm/FSM_onehot_state_r_reg[2]/C
  -------------------------------------------------------------------    -------------------
                         FDCE (Prop_FDCE_C_Q)         0.096     2.887 r  system_i/axi_ctrl_top_0/inst/u_fsm/FSM_onehot_state_r_reg[2]/Q
                         net (fo=5578, unplaced)      1.844     4.731    system_i/axi_ctrl_top_0/inst/u_sa/ROW_GEN[0].COL_GEN[0].pe_inst/psum_out0/CEP
                         DSP_OUTPUT                                   r  system_i/axi_ctrl_top_0/inst/u_sa/ROW_GEN[0].COL_GEN[0].pe_inst/psum_out0/DSP_OUTPUT_INST/CEP
  -------------------------------------------------------------------    -------------------

                         (clock clk_pl_0 rise edge)
                                                      5.000     5.000 r  
                         PS8                          0.000     5.000 r  system_i/zynq_ultra_ps_e_0/inst/PS8_i/PLCLK[0]
                         net (fo=1, unplaced)         0.140     5.140    system_i/zynq_ultra_ps_e_0/inst/pl_clk_unbuffered[0]
                         BUFG_PS (Prop_BUFG_PS_I_O)
                                                      0.027     5.167 r  system_i/zynq_ultra_ps_e_0/inst/buffer_pl_clk_0.PL_CLK_0_BUFG/O
                         net (fo=20093, unplaced)     2.439     7.606    system_i/axi_ctrl_top_0/inst/u_sa/ROW_GEN[0].COL_GEN[0].pe_inst/psum_out0/CLK
                         DSP_OUTPUT                                   r  system_i/axi_ctrl_top_0/inst/u_sa/ROW_GEN[0].COL_GEN[0].pe_inst/psum_out0/DSP_OUTPUT_INST/CLK
                         clock pessimism              0.040     7.646    
                         clock uncertainty           -0.137     7.509    
                         DSP_OUTPUT (Setup_DSP_OUTPUT_CLK_CEP)
                                                     -0.238     7.271    system_i/axi_ctrl_top_0/inst/u_sa/ROW_GEN[0].COL_GEN[0].pe_inst/psum_out0/DSP_OUTPUT_INST
  -------------------------------------------------------------------
                         required time                          7.271    
                         arrival time                          -4.731    
  -------------------------------------------------------------------
                         slack                                  2.539    





Min Delay Paths
--------------------------------------------------------------------------------------
Slack (VIOLATED) :        -0.078ns  (arrival time - required time)
  Source:                 system_i/axi_ctrl_top_0/inst/data_in_regs_reg[19][0]/C
                            (rising edge-triggered cell FDCE clocked by clk_pl_0  {rise@0.000ns fall@2.500ns period=5.000ns})
  Destination:            system_i/axi_ctrl_top_0/inst/u_sa/GEN_SKEW_ROW[19].SKEW_ROWN.skew_chain_reg[16][0]_srl17_inst_u_sa_GEN_SKEW_ROW_c_15/D
                            (rising edge-triggered cell SRLC32E clocked by clk_pl_0  {rise@0.000ns fall@2.500ns period=5.000ns})
  Path Group:             clk_pl_0
  Path Type:              Hold (Min at Fast Process Corner)
  Requirement:            0.000ns  (clk_pl_0 rise@0.000ns - clk_pl_0 rise@0.000ns)
  Data Path Delay:        0.113ns  (logic 0.039ns (34.513%)  route 0.074ns (65.487%))
  Logic Levels:           0  
  Clock Path Skew:        0.145ns (DCD - SCD - CPR)
    Destination Clock Delay (DCD):    1.397ns
    Source Clock Delay      (SCD):    1.225ns
    Clock Pessimism Removal (CPR):    0.027ns

    Location             Delay type                Incr(ns)  Path(ns)    Netlist Resource(s)
  -------------------------------------------------------------------    -------------------
                         (clock clk_pl_0 rise edge)
                                                      0.000     0.000 r  
                         PS8                          0.000     0.000 r  system_i/zynq_ultra_ps_e_0/inst/PS8_i/PLCLK[0]
                         net (fo=1, unplaced)         0.094     0.094    system_i/zynq_ultra_ps_e_0/inst/pl_clk_unbuffered[0]
                         BUFG_PS (Prop_BUFG_PS_I_O)
                                                      0.017     0.111 r  system_i/zynq_ultra_ps_e_0/inst/buffer_pl_clk_0.PL_CLK_0_BUFG/O
                         net (fo=20093, unplaced)     1.114     1.225    system_i/axi_ctrl_top_0/inst/s_axi_aclk
                         FDCE                                         r  system_i/axi_ctrl_top_0/inst/data_in_regs_reg[19][0]/C
  -------------------------------------------------------------------    -------------------
                         FDCE (Prop_FDCE_C_Q)         0.039     1.264 r  system_i/axi_ctrl_top_0/inst/data_in_regs_reg[19][0]/Q
                         net (fo=2, unplaced)         0.074     1.338    system_i/axi_ctrl_top_0/inst/u_sa/data_in_bus[152]
                         SRLC32E                                      r  system_i/axi_ctrl_top_0/inst/u_sa/GEN_SKEW_ROW[19].SKEW_ROWN.skew_chain_reg[16][0]_srl17_inst_u_sa_GEN_SKEW_ROW_c_15/D
  -------------------------------------------------------------------    -------------------

                         (clock clk_pl_0 rise edge)
                                                      0.000     0.000 r  
                         PS8                          0.000     0.000 r  system_i/zynq_ultra_ps_e_0/inst/PS8_i/PLCLK[0]
                         net (fo=1, unplaced)         0.120     0.120    system_i/zynq_ultra_ps_e_0/inst/pl_clk_unbuffered[0]
                         BUFG_PS (Prop_BUFG_PS_I_O)
                                                      0.018     0.138 r  system_i/zynq_ultra_ps_e_0/inst/buffer_pl_clk_0.PL_CLK_0_BUFG/O
                         net (fo=20093, unplaced)     1.259     1.397    system_i/axi_ctrl_top_0/inst/u_sa/s_axi_aclk
                         SRLC32E                                      r  system_i/axi_ctrl_top_0/inst/u_sa/GEN_SKEW_ROW[19].SKEW_ROWN.skew_chain_reg[16][0]_srl17_inst_u_sa_GEN_SKEW_ROW_c_15/CLK
                         clock pessimism             -0.027     1.370    
                         SRLC32E (Hold_SRLC32E_CLK_D)
                                                      0.046     1.416    system_i/axi_ctrl_top_0/inst/u_sa/GEN_SKEW_ROW[19].SKEW_ROWN.skew_chain_reg[16][0]_srl17_inst_u_sa_GEN_SKEW_ROW_c_15
  -------------------------------------------------------------------
                         required time                         -1.416    
                         arrival time                           1.338    
  -------------------------------------------------------------------
                         slack                                 -0.078    





Pulse Width Checks
--------------------------------------------------------------------------------------
Clock Name:         clk_pl_0
Waveform(ns):       { 0.000 2.500 }
Period(ns):         5.000
Sources:            { system_i/zynq_ultra_ps_e_0/inst/PS8_i/PLCLK[0] }

Check Type        Corner  Lib Pin          Reference Pin  Required(ns)  Actual(ns)  Slack(ns)  Location  Pin
Min Period        n/a     PS8/MAXIGP2ACLK  n/a            3.000         5.000       2.000                system_i/zynq_ultra_ps_e_0/inst/PS8_i/MAXIGP2ACLK
Low Pulse Width   Slow    PS8/MAXIGP2ACLK  n/a            1.500         2.500       1.000                system_i/zynq_ultra_ps_e_0/inst/PS8_i/MAXIGP2ACLK
High Pulse Width  Slow    PS8/MAXIGP2ACLK  n/a            1.500         2.500       1.000                system_i/zynq_ultra_ps_e_0/inst/PS8_i/MAXIGP2ACLK



---------------------------------------------------------------------------------------------------
Path Group:  **async_default**
From Clock:  clk_pl_0
  To Clock:  clk_pl_0

Setup :            0  Failing Endpoints,  Worst Slack        3.932ns,  Total Violation        0.000ns
Hold  :            0  Failing Endpoints,  Worst Slack        0.160ns,  Total Violation        0.000ns
---------------------------------------------------------------------------------------------------


Max Delay Paths
--------------------------------------------------------------------------------------
Slack (MET) :             3.932ns  (required time - arrival time)
  Source:                 system_i/proc_sys_reset_0/U0/ACTIVE_LOW_PR_OUT_DFF[0].FDRE_PER_N/C
                            (rising edge-triggered cell FDRE clocked by clk_pl_0  {rise@0.000ns fall@2.500ns period=5.000ns})
  Destination:            system_i/axi_ctrl_top_0/inst/aw_addr_r_reg[10]/CLR
                            (recovery check against rising-edge clock clk_pl_0  {rise@0.000ns fall@2.500ns period=5.000ns})
  Path Group:             **async_default**
  Path Type:              Recovery (Max at Slow Process Corner)
  Requirement:            5.000ns  (clk_pl_0 rise@5.000ns - clk_pl_0 rise@0.000ns)
  Data Path Delay:        0.714ns  (logic 0.135ns (18.908%)  route 0.579ns (81.092%))
  Logic Levels:           1  (LUT1=1)
  Clock Path Skew:        -0.145ns (DCD - SCD + CPR)
    Destination Clock Delay (DCD):    2.606ns = ( 7.606 - 5.000 ) 
    Source Clock Delay      (SCD):    2.791ns
    Clock Pessimism Removal (CPR):    0.040ns
  Clock Uncertainty:      0.137ns  ((TSJ^2 + DJ^2)^1/2) / 2 + PE
    Total System Jitter     (TSJ):    0.071ns
    Discrete Jitter          (DJ):    0.266ns
    Phase Error              (PE):    0.000ns

    Location             Delay type                Incr(ns)  Path(ns)    Netlist Resource(s)
  -------------------------------------------------------------------    -------------------
                         (clock clk_pl_0 rise edge)
                                                      0.000     0.000 r  
                         PS8                          0.000     0.000 r  system_i/zynq_ultra_ps_e_0/inst/PS8_i/PLCLK[0]
                         net (fo=1, unplaced)         0.178     0.178    system_i/zynq_ultra_ps_e_0/inst/pl_clk_unbuffered[0]
                         BUFG_PS (Prop_BUFG_PS_I_O)
                                                      0.029     0.207 r  system_i/zynq_ultra_ps_e_0/inst/buffer_pl_clk_0.PL_CLK_0_BUFG/O
                         net (fo=20093, unplaced)     2.584     2.791    system_i/proc_sys_reset_0/U0/slowest_sync_clk
                         FDRE                                         r  system_i/proc_sys_reset_0/U0/ACTIVE_LOW_PR_OUT_DFF[0].FDRE_PER_N/C
  -------------------------------------------------------------------    -------------------
                         FDRE (Prop_FDRE_C_Q)         0.096     2.887 r  system_i/proc_sys_reset_0/U0/ACTIVE_LOW_PR_OUT_DFF[0].FDRE_PER_N/Q
                         net (fo=3, unplaced)         0.164     3.051    system_i/axi_ctrl_top_0/inst/u_sa/ROW_GEN[0].COL_GEN[16].pe_inst/s_axi_aresetn
                         LUT1 (Prop_LUT1_I0_O)        0.039     3.090 f  system_i/axi_ctrl_top_0/inst/u_sa/ROW_GEN[0].COL_GEN[16].pe_inst/s_axi_awready_i_2/O
                         net (fo=15540, unplaced)     0.415     3.505    system_i/axi_ctrl_top_0/inst/s_axi_aresetn_0
                         FDCE                                         f  system_i/axi_ctrl_top_0/inst/aw_addr_r_reg[10]/CLR
  -------------------------------------------------------------------    -------------------

                         (clock clk_pl_0 rise edge)
                                                      5.000     5.000 r  
                         PS8                          0.000     5.000 r  system_i/zynq_ultra_ps_e_0/inst/PS8_i/PLCLK[0]
                         net (fo=1, unplaced)         0.140     5.140    system_i/zynq_ultra_ps_e_0/inst/pl_clk_unbuffered[0]
                         BUFG_PS (Prop_BUFG_PS_I_O)
                                                      0.027     5.167 r  system_i/zynq_ultra_ps_e_0/inst/buffer_pl_clk_0.PL_CLK_0_BUFG/O
                         net (fo=20093, unplaced)     2.439     7.606    system_i/axi_ctrl_top_0/inst/s_axi_aclk
                         FDCE                                         r  system_i/axi_ctrl_top_0/inst/aw_addr_r_reg[10]/C
                         clock pessimism              0.040     7.646    
                         clock uncertainty           -0.137     7.509    
                         FDCE (Recov_FDCE_C_CLR)     -0.072     7.437    system_i/axi_ctrl_top_0/inst/aw_addr_r_reg[10]
  -------------------------------------------------------------------
                         required time                          7.437    
                         arrival time                          -3.505    
  -------------------------------------------------------------------
                         slack                                  3.932    





Min Delay Paths
--------------------------------------------------------------------------------------
Slack (MET) :             0.160ns  (arrival time - required time)
  Source:                 system_i/proc_sys_reset_0/U0/ACTIVE_LOW_PR_OUT_DFF[0].FDRE_PER_N/C
                            (rising edge-triggered cell FDRE clocked by clk_pl_0  {rise@0.000ns fall@2.500ns period=5.000ns})
  Destination:            system_i/axi_ctrl_top_0/inst/aw_addr_r_reg[10]/CLR
                            (removal check against rising-edge clock clk_pl_0  {rise@0.000ns fall@2.500ns period=5.000ns})
  Path Group:             **async_default**
  Path Type:              Removal (Min at Fast Process Corner)
  Requirement:            0.000ns  (clk_pl_0 rise@0.000ns - clk_pl_0 rise@0.000ns)
  Data Path Delay:        0.285ns  (logic 0.053ns (18.596%)  route 0.232ns (81.403%))
  Logic Levels:           1  (LUT1=1)
  Clock Path Skew:        0.145ns (DCD - SCD - CPR)
    Destination Clock Delay (DCD):    1.397ns
    Source Clock Delay      (SCD):    1.225ns
    Clock Pessimism Removal (CPR):    0.027ns

    Location             Delay type                Incr(ns)  Path(ns)    Netlist Resource(s)
  -------------------------------------------------------------------    -------------------
                         (clock clk_pl_0 rise edge)
                                                      0.000     0.000 r  
                         PS8                          0.000     0.000 r  system_i/zynq_ultra_ps_e_0/inst/PS8_i/PLCLK[0]
                         net (fo=1, unplaced)         0.094     0.094    system_i/zynq_ultra_ps_e_0/inst/pl_clk_unbuffered[0]
                         BUFG_PS (Prop_BUFG_PS_I_O)
                                                      0.017     0.111 r  system_i/zynq_ultra_ps_e_0/inst/buffer_pl_clk_0.PL_CLK_0_BUFG/O
                         net (fo=20093, unplaced)     1.114     1.225    system_i/proc_sys_reset_0/U0/slowest_sync_clk
                         FDRE                                         r  system_i/proc_sys_reset_0/U0/ACTIVE_LOW_PR_OUT_DFF[0].FDRE_PER_N/C
  -------------------------------------------------------------------    -------------------
                         FDRE (Prop_FDRE_C_Q)         0.039     1.264 r  system_i/proc_sys_reset_0/U0/ACTIVE_LOW_PR_OUT_DFF[0].FDRE_PER_N/Q
                         net (fo=3, unplaced)         0.069     1.333    system_i/axi_ctrl_top_0/inst/u_sa/ROW_GEN[0].COL_GEN[16].pe_inst/s_axi_aresetn
                         LUT1 (Prop_LUT1_I0_O)        0.014     1.347 f  system_i/axi_ctrl_top_0/inst/u_sa/ROW_GEN[0].COL_GEN[16].pe_inst/s_axi_awready_i_2/O
                         net (fo=15540, unplaced)     0.163     1.510    system_i/axi_ctrl_top_0/inst/s_axi_aresetn_0
                         FDCE                                         f  system_i/axi_ctrl_top_0/inst/aw_addr_r_reg[10]/CLR
  -------------------------------------------------------------------    -------------------

                         (clock clk_pl_0 rise edge)
                                                      0.000     0.000 r  
                         PS8                          0.000     0.000 r  system_i/zynq_ultra_ps_e_0/inst/PS8_i/PLCLK[0]
                         net (fo=1, unplaced)         0.120     0.120    system_i/zynq_ultra_ps_e_0/inst/pl_clk_unbuffered[0]
                         BUFG_PS (Prop_BUFG_PS_I_O)
                                                      0.018     0.138 r  system_i/zynq_ultra_ps_e_0/inst/buffer_pl_clk_0.PL_CLK_0_BUFG/O
                         net (fo=20093, unplaced)     1.259     1.397    system_i/axi_ctrl_top_0/inst/s_axi_aclk
                         FDCE                                         r  system_i/axi_ctrl_top_0/inst/aw_addr_r_reg[10]/C
                         clock pessimism             -0.027     1.370    
                         FDCE (Remov_FDCE_C_CLR)     -0.020     1.350    system_i/axi_ctrl_top_0/inst/aw_addr_r_reg[10]
  -------------------------------------------------------------------
                         required time                         -1.350    
                         arrival time                           1.510    
  -------------------------------------------------------------------
                         slack                                  0.160    





