Copyright 1986-2020 Xilinx, Inc. All Rights Reserved.
---------------------------------------------------------------------------------------------------------------------------------
| Tool Version : Vivado v.2020.1 (lin64) Build 2902540 Wed May 27 19:54:35 MDT 2020
| Date         : Thu Aug  6 23:23:15 2026
| Host         : DESKTOP-TEFC33U running 64-bit Ubuntu 18.04.6 LTS
| Command      : report_utilization -file /home/atw/gemm_acc_prj_build/systolic_array_project_24x24/deploy/utilization_synth.rpt
| Design       : system_wrapper
| Device       : xczu4evsfvc784-1
| Design State : Synthesized
---------------------------------------------------------------------------------------------------------------------------------

Utilization Design Information

Table of Contents
-----------------
1. CLB Logic
1.1 Summary of Registers by Type
2. BLOCKRAM
3. ARITHMETIC
4. I/O
5. CLOCK
6. ADVANCED
7. CONFIGURATION
8. Primitives
9. Black Boxes
10. Instantiated Netlists

1. CLB Logic
------------

+----------------------------+-------+-------+-----------+-------+
|          Site Type         |  Used | Fixed | Available | Util% |
+----------------------------+-------+-------+-----------+-------+
| CLB LUTs*                  |  3838 |     0 |     87840 |  4.37 |
|   LUT as Logic             |  3600 |     0 |     87840 |  4.10 |
|   LUT as Memory            |   238 |     0 |     57600 |  0.41 |
|     LUT as Distributed RAM |     0 |     0 |           |       |
|     LUT as Shift Register  |   238 |     0 |           |       |
| CLB Registers              | 16397 |     0 |    175680 |  9.33 |
|   Register as Flip Flop    | 16397 |     0 |    175680 |  9.33 |
|   Register as Latch        |     0 |     0 |    175680 |  0.00 |
| CARRY8                     |     0 |     0 |     14640 |  0.00 |
| F7 Muxes                   |   618 |     0 |     58560 |  1.06 |
| F8 Muxes                   |   297 |     0 |     29280 |  1.01 |
| F9 Muxes                   |     0 |     0 |     14640 |  0.00 |
+----------------------------+-------+-------+-----------+-------+
* Warning! The Final LUT count, after physical optimizations and full implementation, is typically lower. Run opt_design after synthesis, if not already completed, for a more realistic count.


1.1 Summary of Registers by Type
--------------------------------

+-------+--------------+-------------+--------------+
| Total | Clock Enable | Synchronous | Asynchronous |
+-------+--------------+-------------+--------------+
| 0     |            _ |           - |            - |
| 0     |            _ |           - |          Set |
| 0     |            _ |           - |        Reset |
| 0     |            _ |         Set |            - |
| 0     |            _ |       Reset |            - |
| 0     |          Yes |           - |            - |
| 1     |          Yes |           - |          Set |
| 15539 |          Yes |           - |        Reset |
| 20    |          Yes |         Set |            - |
| 837   |          Yes |       Reset |            - |
+-------+--------------+-------------+--------------+


2. BLOCKRAM
-----------

+----------------+------+-------+-----------+-------+
|    Site Type   | Used | Fixed | Available | Util% |
+----------------+------+-------+-----------+-------+
| Block RAM Tile |    0 |     0 |       128 |  0.00 |
|   RAMB36/FIFO* |    0 |     0 |       128 |  0.00 |
|   RAMB18       |    0 |     0 |       256 |  0.00 |
| URAM           |    0 |     0 |        48 |  0.00 |
+----------------+------+-------+-----------+-------+
* Note: Each Block RAM Tile only has one FIFO logic available and therefore can accommodate only one FIFO36E2 or one FIFO18E2. However, if a FIFO18E2 occupies a Block RAM Tile, that tile can still accommodate a RAMB18E2


3. ARITHMETIC
-------------

+----------------+------+-------+-----------+-------+
|    Site Type   | Used | Fixed | Available | Util% |
+----------------+------+-------+-----------+-------+
| DSPs           |  576 |     0 |       728 | 79.12 |
|   DSP48E2 only |  576 |       |           |       |
+----------------+------+-------+-----------+-------+


4. I/O
------

+------------+------+-------+-----------+-------+
|  Site Type | Used | Fixed | Available | Util% |
+------------+------+-------+-----------+-------+
| Bonded IOB |    0 |     0 |       252 |  0.00 |
+------------+------+-------+-----------+-------+


5. CLOCK
--------

+----------------------+------+-------+-----------+-------+
|       Site Type      | Used | Fixed | Available | Util% |
+----------------------+------+-------+-----------+-------+
| GLOBAL CLOCK BUFFERs |    1 |     0 |       352 |  0.28 |
|   BUFGCE             |    0 |     0 |       112 |  0.00 |
|   BUFGCE_DIV         |    0 |     0 |        16 |  0.00 |
|   BUFG_GT            |    0 |     0 |        96 |  0.00 |
|   BUFG_PS            |    1 |     0 |        96 |  1.04 |
|   BUFGCTRL*          |    0 |     0 |        32 |  0.00 |
| PLL                  |    0 |     0 |         8 |  0.00 |
| MMCM                 |    0 |     0 |         4 |  0.00 |
+----------------------+------+-------+-----------+-------+
* Note: Each used BUFGCTRL counts as two GLOBAL CLOCK BUFFERs. This table does not include global clocking resources, only buffer cell usage. See the Clock Utilization Report (report_clock_utilization) for detailed accounting of global clocking resource availability.


6. ADVANCED
-----------

+-----------------+------+-------+-----------+--------+
|    Site Type    | Used | Fixed | Available |  Util% |
+-----------------+------+-------+-----------+--------+
| GTHE4_CHANNEL   |    0 |     0 |         4 |   0.00 |
| GTHE4_COMMON    |    0 |     0 |         1 |   0.00 |
| OBUFDS_GTE4     |    0 |     0 |         2 |   0.00 |
| OBUFDS_GTE4_ADV |    0 |     0 |         2 |   0.00 |
| PCIE40E4        |    0 |     0 |         2 |   0.00 |
| PS8             |    1 |     0 |         1 | 100.00 |
| SYSMONE4        |    0 |     0 |         1 |   0.00 |
| VCU             |    0 |     0 |         1 |   0.00 |
+-----------------+------+-------+-----------+--------+


7. CONFIGURATION
----------------

+-------------+------+-------+-----------+-------+
|  Site Type  | Used | Fixed | Available | Util% |
+-------------+------+-------+-----------+-------+
| BSCANE2     |    0 |     0 |         4 |  0.00 |
| DNA_PORTE2  |    0 |     0 |         1 |  0.00 |
| EFUSE_USR   |    0 |     0 |         1 |  0.00 |
| FRAME_ECCE4 |    0 |     0 |         1 |  0.00 |
| ICAPE3      |    0 |     0 |         2 |  0.00 |
| MASTER_JTAG |    0 |     0 |         1 |  0.00 |
| STARTUPE3   |    0 |     0 |         1 |  0.00 |
+-------------+------+-------+-----------+-------+


8. Primitives
-------------

+----------+-------+---------------------+
| Ref Name |  Used | Functional Category |
+----------+-------+---------------------+
| FDCE     | 15539 |            Register |
| LUT6     |  2323 |                 CLB |
| LUT2     |  1046 |                 CLB |
| FDRE     |   837 |            Register |
| MUXF7    |   618 |                 CLB |
| DSP48E2  |   576 |          Arithmetic |
| LUT3     |   329 |                 CLB |
| LUT1     |   314 |                 CLB |
| MUXF8    |   297 |                 CLB |
| LUT5     |   214 |                 CLB |
| SRL16E   |   147 |                 CLB |
| LUT4     |   130 |                 CLB |
| SRLC32E  |    91 |                 CLB |
| FDSE     |    20 |            Register |
| PS8      |     1 |            Advanced |
| FDPE     |     1 |            Register |
| BUFG_PS  |     1 |               Clock |
+----------+-------+---------------------+


9. Black Boxes
--------------

+----------+------+
| Ref Name | Used |
+----------+------+


10. Instantiated Netlists
-------------------------

+----------------------------+------+
|          Ref Name          | Used |
+----------------------------+------+
| system_zynq_ultra_ps_e_0_0 |    1 |
| system_proc_sys_reset_0_0  |    1 |
| system_axi_ctrl_top_0_0    |    1 |
| system_auto_pc_0           |    1 |
+----------------------------+------+


