Copyright 1986-2020 Xilinx, Inc. All Rights Reserved.
-----------------------------------------------------------------------------------------------------------------------------------
| Tool Version      : Vivado v.2020.1 (lin64) Build 2902540 Wed May 27 19:54:35 MDT 2020
| Date              : Thu Aug  6 23:25:54 2026
| Host              : DESKTOP-TEFC33U running 64-bit Ubuntu 18.04.6 LTS
| Command           : report_timing_summary -file /home/atw/gemm_acc_prj_build/systolic_array_project_16x16/deploy/timing_impl.rpt
| Design            : system_wrapper
| Device            : xczu4ev-sfvc784
| Speed File        : -1  PRODUCTION 1.27 02-28-2020
| Temperature Grade : I
-----------------------------------------------------------------------------------------------------------------------------------

Timing Summary Report

------------------------------------------------------------------------------------------------
| Timer Settings
| --------------
------------------------------------------------------------------------------------------------

  Enable Multi Corner Analysis               :  Yes
  Enable Pessimism Removal                   :  Yes
  Pessimism Removal Resolution               :  Nearest Common Node
  Enable Input Delay Default Clock           :  No
  Enable Preset / Clear Arcs                 :  No
  Disable Flight Delays                      :  No
  Ignore I/O Paths                           :  No
  Timing Early Launch at Borrowing Latches   :  No
  Borrow Time for Max Delay Exceptions       :  Yes
  Merge Timing Exceptions                    :  Yes

  Corner  Analyze    Analyze    
  Name    Max Paths  Min Paths  
  ------  ---------  ---------  
  Slow    Yes        Yes        
  Fast    Yes        Yes        



check_timing report

Table of Contents
-----------------
1. checking no_clock (0)
2. checking constant_clock (0)
3. checking pulse_width_clock (0)
4. checking unconstrained_internal_endpoints (0)
5. checking no_input_delay (0)
6. checking no_output_delay (0)
7. checking multiple_clock (0)
8. checking generated_clocks (0)
9. checking loops (0)
10. checking partial_input_delay (0)
11. checking partial_output_delay (0)
12. checking latch_loops (0)

1. checking no_clock (0)
------------------------
 There are 0 register/latch pins with no clock.


2. checking constant_clock (0)
------------------------------
 There are 0 register/latch pins with constant_clock.


3. checking pulse_width_clock (0)
---------------------------------
 There are 0 register/latch pins which need pulse_width check


4. checking unconstrained_internal_endpoints (0)
------------------------------------------------
 There are 0 pins that are not constrained for maximum delay.

 There are 0 pins that are not constrained for maximum delay due to constant clock.


5. checking no_input_delay (0)
------------------------------
 There are 0 input ports with no input delay specified.

 There are 0 input ports with no input delay but user has a false path constraint.


6. checking no_output_delay (0)
-------------------------------
 There are 0 ports with no output delay specified.

 There are 0 ports with no output delay but user has a false path constraint

 There are 0 ports with no output delay but with a timing clock defined on it or propagating through it


7. checking multiple_clock (0)
------------------------------
 There are 0 register/latch pins with multiple clocks.


8. checking generated_clocks (0)
--------------------------------
 There are 0 generated clocks that are not connected to a clock source.


9. checking loops (0)
---------------------
 There are 0 combinational loops in the design.


10. checking partial_input_delay (0)
------------------------------------
 There are 0 input ports with partial input delay specified.


11. checking partial_output_delay (0)
-------------------------------------
 There are 0 ports with partial output delay specified.


12. checking latch_loops (0)
----------------------------
 There are 0 combinational latch loops in the design through latch input



------------------------------------------------------------------------------------------------
| Design Timing Summary
| ---------------------
------------------------------------------------------------------------------------------------

    WNS(ns)      TNS(ns)  TNS Failing Endpoints  TNS Total Endpoints      WHS(ns)      THS(ns)  THS Failing Endpoints  THS Total Endpoints     WPWS(ns)     TPWS(ns)  TPWS Failing Endpoints  TPWS Total Endpoints  
    -------      -------  ---------------------  -------------------      -------      -------  ---------------------  -------------------     --------     --------  ----------------------  --------------------  
      0.646        0.000                      0                34988        0.014        0.000                      0                34988        1.000        0.000                       0                  8232  


All user specified timing constraints are met.


------------------------------------------------------------------------------------------------
| Clock Summary
| -------------
------------------------------------------------------------------------------------------------

Clock     Waveform(ns)         Period(ns)      Frequency(MHz)
-----     ------------         ----------      --------------
clk_pl_0  {0.000 2.500}        5.000           200.000         


------------------------------------------------------------------------------------------------
| Intra Clock Table
| -----------------
------------------------------------------------------------------------------------------------

Clock             WNS(ns)      TNS(ns)  TNS Failing Endpoints  TNS Total Endpoints      WHS(ns)      THS(ns)  THS Failing Endpoints  THS Total Endpoints     WPWS(ns)     TPWS(ns)  TPWS Failing Endpoints  TPWS Total Endpoints  
-----             -------      -------  ---------------------  -------------------      -------      -------  ---------------------  -------------------     --------     --------  ----------------------  --------------------  
clk_pl_0            0.646        0.000                      0                27835        0.014        0.000                      0                27835        1.000        0.000                       0                  8232  


------------------------------------------------------------------------------------------------
| Inter Clock Table
| -----------------
------------------------------------------------------------------------------------------------

From Clock    To Clock          WNS(ns)      TNS(ns)  TNS Failing Endpoints  TNS Total Endpoints      WHS(ns)      THS(ns)  THS Failing Endpoints  THS Total Endpoints  
----------    --------          -------      -------  ---------------------  -------------------      -------      -------  ---------------------  -------------------  


------------------------------------------------------------------------------------------------
| Other Path Groups Table
| -----------------------
------------------------------------------------------------------------------------------------

Path Group         From Clock         To Clock               WNS(ns)      TNS(ns)  TNS Failing Endpoints  TNS Total Endpoints      WHS(ns)      THS(ns)  THS Failing Endpoints  THS Total Endpoints  
----------         ----------         --------               -------      -------  ---------------------  -------------------      -------      -------  ---------------------  -------------------  
**async_default**  clk_pl_0           clk_pl_0                 1.457        0.000                      0                 7153        1.358        0.000                      0                 7153  


------------------------------------------------------------------------------------------------
| Timing Details
| --------------
------------------------------------------------------------------------------------------------


---------------------------------------------------------------------------------------------------
From Clock:  clk_pl_0
  To Clock:  clk_pl_0

Setup :            0  Failing Endpoints,  Worst Slack        0.646ns,  Total Violation        0.000ns
Hold  :            0  Failing Endpoints,  Worst Slack        0.014ns,  Total Violation        0.000ns
PW    :            0  Failing Endpoints,  Worst Slack        1.000ns,  Total Violation        0.000ns
---------------------------------------------------------------------------------------------------


Max Delay Paths
--------------------------------------------------------------------------------------
Slack (MET) :             0.646ns  (required time - arrival time)
  Source:                 system_i/axi_ctrl_top_0/inst/u_sa/ROW_GEN[15].COL_GEN[9].pe_inst/data_out_reg[7]/C
                            (rising edge-triggered cell FDCE clocked by clk_pl_0  {rise@0.000ns fall@2.500ns period=5.000ns})
  Destination:            system_i/axi_ctrl_top_0/inst/u_sa/ROW_GEN[15].COL_GEN[10].pe_inst/psum_out0/DSP_OUTPUT_INST/ALU_OUT[11]
                            (rising edge-triggered cell DSP_OUTPUT clocked by clk_pl_0  {rise@0.000ns fall@2.500ns period=5.000ns})
  Path Group:             clk_pl_0
  Path Type:              Setup (Max at Slow Process Corner)
  Requirement:            5.000ns  (clk_pl_0 rise@5.000ns - clk_pl_0 rise@0.000ns)
  Data Path Delay:        4.120ns  (logic 1.840ns (44.660%)  route 2.280ns (55.340%))
  Logic Levels:           5  (DSP_A_B_DATA=1 DSP_ALU=1 DSP_M_DATA=1 DSP_MULTIPLIER=1 DSP_PREADD_DATA=1)
  Clock Path Skew:        -0.107ns (DCD - SCD + CPR)
    Destination Clock Delay (DCD):    1.900ns = ( 6.900 - 5.000 ) 
    Source Clock Delay      (SCD):    2.121ns
    Clock Pessimism Removal (CPR):    0.114ns
  Clock Uncertainty:      0.137ns  ((TSJ^2 + DJ^2)^1/2) / 2 + PE
    Total System Jitter     (TSJ):    0.071ns
    Discrete Jitter          (DJ):    0.266ns
    Phase Error              (PE):    0.000ns
  Clock Net Delay (Source):      1.914ns (routing 0.764ns, distribution 1.150ns)
  Clock Net Delay (Destination): 1.733ns (routing 0.690ns, distribution 1.043ns)

    Location             Delay type                Incr(ns)  Path(ns)    Netlist Resource(s)
  -------------------------------------------------------------------    -------------------
                         (clock clk_pl_0 rise edge)
                                                      0.000     0.000 r  
    PS8_X0Y0             PS8                          0.000     0.000 r  system_i/zynq_ultra_ps_e_0/inst/PS8_i/PLCLK[0]
                         net (fo=1, routed)           0.178     0.178    system_i/zynq_ultra_ps_e_0/inst/pl_clk_unbuffered[0]
    BUFG_PS_X0Y95        BUFG_PS (Prop_BUFG_PS_I_O)
                                                      0.029     0.207 r  system_i/zynq_ultra_ps_e_0/inst/buffer_pl_clk_0.PL_CLK_0_BUFG/O
    X0Y2 (CLOCK_ROOT)    net (fo=9512, routed)        1.914     2.121    system_i/axi_ctrl_top_0/inst/u_sa/ROW_GEN[15].COL_GEN[9].pe_inst/s_axi_aclk
    SLICE_X7Y132         FDCE                                         r  system_i/axi_ctrl_top_0/inst/u_sa/ROW_GEN[15].COL_GEN[9].pe_inst/data_out_reg[7]/C
  -------------------------------------------------------------------    -------------------
    SLICE_X7Y132         FDCE (Prop_HFF_SLICEM_C_Q)
                                                      0.096     2.217 f  system_i/axi_ctrl_top_0/inst/u_sa/ROW_GEN[15].COL_GEN[9].pe_inst/data_out_reg[7]/Q
                         net (fo=24, routed)          2.280     4.497    system_i/axi_ctrl_top_0/inst/u_sa/ROW_GEN[15].COL_GEN[10].pe_inst/psum_out0/A[10]
    DSP48E2_X2Y77        DSP_A_B_DATA (Prop_DSP_A_B_DATA_DSP48E2_A[10]_A2_DATA[10])
                                                      0.241     4.738 r  system_i/axi_ctrl_top_0/inst/u_sa/ROW_GEN[15].COL_GEN[10].pe_inst/psum_out0/DSP_A_B_DATA_INST/A2_DATA[10]
                         net (fo=1, routed)           0.000     4.738    system_i/axi_ctrl_top_0/inst/u_sa/ROW_GEN[15].COL_GEN[10].pe_inst/psum_out0/DSP_A_B_DATA.A2_DATA<10>
    DSP48E2_X2Y77        DSP_PREADD_DATA (Prop_DSP_PREADD_DATA_DSP48E2_A2_DATA[10]_A2A1[10])
                                                      0.098     4.836 r  system_i/axi_ctrl_top_0/inst/u_sa/ROW_GEN[15].COL_GEN[10].pe_inst/psum_out0/DSP_PREADD_DATA_INST/A2A1[10]
                         net (fo=1, routed)           0.000     4.836    system_i/axi_ctrl_top_0/inst/u_sa/ROW_GEN[15].COL_GEN[10].pe_inst/psum_out0/DSP_PREADD_DATA.A2A1<10>
    DSP48E2_X2Y77        DSP_MULTIPLIER (Prop_DSP_MULTIPLIER_DSP48E2_A2A1[10]_U[11])
                                                      0.647     5.483 f  system_i/axi_ctrl_top_0/inst/u_sa/ROW_GEN[15].COL_GEN[10].pe_inst/psum_out0/DSP_MULTIPLIER_INST/U[11]
                         net (fo=1, routed)           0.000     5.483    system_i/axi_ctrl_top_0/inst/u_sa/ROW_GEN[15].COL_GEN[10].pe_inst/psum_out0/DSP_MULTIPLIER.U<11>
    DSP48E2_X2Y77        DSP_M_DATA (Prop_DSP_M_DATA_DSP48E2_U[11]_U_DATA[11])
                                                      0.059     5.542 r  system_i/axi_ctrl_top_0/inst/u_sa/ROW_GEN[15].COL_GEN[10].pe_inst/psum_out0/DSP_M_DATA_INST/U_DATA[11]
                         net (fo=1, routed)           0.000     5.542    system_i/axi_ctrl_top_0/inst/u_sa/ROW_GEN[15].COL_GEN[10].pe_inst/psum_out0/DSP_M_DATA.U_DATA<11>
    DSP48E2_X2Y77        DSP_ALU (Prop_DSP_ALU_DSP48E2_U_DATA[11]_ALU_OUT[11])
                                                      0.699     6.241 r  system_i/axi_ctrl_top_0/inst/u_sa/ROW_GEN[15].COL_GEN[10].pe_inst/psum_out0/DSP_ALU_INST/ALU_OUT[11]
                         net (fo=1, routed)           0.000     6.241    system_i/axi_ctrl_top_0/inst/u_sa/ROW_GEN[15].COL_GEN[10].pe_inst/psum_out0/DSP_ALU.ALU_OUT<11>
    DSP48E2_X2Y77        DSP_OUTPUT                                   r  system_i/axi_ctrl_top_0/inst/u_sa/ROW_GEN[15].COL_GEN[10].pe_inst/psum_out0/DSP_OUTPUT_INST/ALU_OUT[11]
  -------------------------------------------------------------------    -------------------

                         (clock clk_pl_0 rise edge)
                                                      5.000     5.000 r  
    PS8_X0Y0             PS8                          0.000     5.000 r  system_i/zynq_ultra_ps_e_0/inst/PS8_i/PLCLK[0]
                         net (fo=1, routed)           0.140     5.140    system_i/zynq_ultra_ps_e_0/inst/pl_clk_unbuffered[0]
    BUFG_PS_X0Y95        BUFG_PS (Prop_BUFG_PS_I_O)
                                                      0.027     5.167 r  system_i/zynq_ultra_ps_e_0/inst/buffer_pl_clk_0.PL_CLK_0_BUFG/O
    X0Y2 (CLOCK_ROOT)    net (fo=9512, routed)        1.733     6.900    system_i/axi_ctrl_top_0/inst/u_sa/ROW_GEN[15].COL_GEN[10].pe_inst/psum_out0/CLK
    DSP48E2_X2Y77        DSP_OUTPUT                                   r  system_i/axi_ctrl_top_0/inst/u_sa/ROW_GEN[15].COL_GEN[10].pe_inst/psum_out0/DSP_OUTPUT_INST/CLK
                         clock pessimism              0.114     7.014    
                         clock uncertainty           -0.137     6.877    
    DSP48E2_X2Y77        DSP_OUTPUT (Setup_DSP_OUTPUT_DSP48E2_CLK_ALU_OUT[11])
                                                      0.010     6.887    system_i/axi_ctrl_top_0/inst/u_sa/ROW_GEN[15].COL_GEN[10].pe_inst/psum_out0/DSP_OUTPUT_INST
  -------------------------------------------------------------------
                         required time                          6.887    
                         arrival time                          -6.241    
  -------------------------------------------------------------------
                         slack                                  0.646    





Min Delay Paths
--------------------------------------------------------------------------------------
Slack (MET) :             0.014ns  (arrival time - required time)
  Source:                 system_i/axi_interconnect_0/s00_couplers/auto_pc/inst/gen_axilite.gen_b2s_conv.axilite_b2s/RD.r_channel_0/r_arid_r_reg[11]/C
                            (rising edge-triggered cell FDRE clocked by clk_pl_0  {rise@0.000ns fall@2.500ns period=5.000ns})
  Destination:            system_i/axi_interconnect_0/s00_couplers/auto_pc/inst/gen_axilite.gen_b2s_conv.axilite_b2s/RD.r_channel_0/transaction_fifo_0/memory_reg[31][12]_srl32/D
                            (rising edge-triggered cell SRLC32E clocked by clk_pl_0  {rise@0.000ns fall@2.500ns period=5.000ns})
  Path Group:             clk_pl_0
  Path Type:              Hold (Min at Slow Process Corner)
  Requirement:            0.000ns  (clk_pl_0 rise@0.000ns - clk_pl_0 rise@0.000ns)
  Data Path Delay:        0.221ns  (logic 0.071ns (32.127%)  route 0.150ns (67.873%))
  Logic Levels:           0  
  Clock Path Skew:        0.152ns (DCD - SCD - CPR)
    Destination Clock Delay (DCD):    2.220ns
    Source Clock Delay      (SCD):    1.897ns
    Clock Pessimism Removal (CPR):    0.171ns
  Clock Net Delay (Source):      1.730ns (routing 0.690ns, distribution 1.040ns)
  Clock Net Delay (Destination): 2.013ns (routing 0.764ns, distribution 1.249ns)

    Location             Delay type                Incr(ns)  Path(ns)    Netlist Resource(s)
  -------------------------------------------------------------------    -------------------
                         (clock clk_pl_0 rise edge)
                                                      0.000     0.000 r  
    PS8_X0Y0             PS8                          0.000     0.000 r  system_i/zynq_ultra_ps_e_0/inst/PS8_i/PLCLK[0]
                         net (fo=1, routed)           0.140     0.140    system_i/zynq_ultra_ps_e_0/inst/pl_clk_unbuffered[0]
    BUFG_PS_X0Y95        BUFG_PS (Prop_BUFG_PS_I_O)
                                                      0.027     0.167 r  system_i/zynq_ultra_ps_e_0/inst/buffer_pl_clk_0.PL_CLK_0_BUFG/O
    X0Y2 (CLOCK_ROOT)    net (fo=9512, routed)        1.730     1.897    system_i/axi_interconnect_0/s00_couplers/auto_pc/inst/gen_axilite.gen_b2s_conv.axilite_b2s/RD.r_channel_0/aclk
    SLICE_X4Y191         FDRE                                         r  system_i/axi_interconnect_0/s00_couplers/auto_pc/inst/gen_axilite.gen_b2s_conv.axilite_b2s/RD.r_channel_0/r_arid_r_reg[11]/C
  -------------------------------------------------------------------    -------------------
    SLICE_X4Y191         FDRE (Prop_CFF2_SLICEM_C_Q)
                                                      0.071     1.968 r  system_i/axi_interconnect_0/s00_couplers/auto_pc/inst/gen_axilite.gen_b2s_conv.axilite_b2s/RD.r_channel_0/r_arid_r_reg[11]/Q
                         net (fo=1, routed)           0.150     2.118    system_i/axi_interconnect_0/s00_couplers/auto_pc/inst/gen_axilite.gen_b2s_conv.axilite_b2s/RD.r_channel_0/transaction_fifo_0/in[12]
    SLICE_X2Y187         SRLC32E                                      r  system_i/axi_interconnect_0/s00_couplers/auto_pc/inst/gen_axilite.gen_b2s_conv.axilite_b2s/RD.r_channel_0/transaction_fifo_0/memory_reg[31][12]_srl32/D
  -------------------------------------------------------------------    -------------------

                         (clock clk_pl_0 rise edge)
                                                      0.000     0.000 r  
    PS8_X0Y0             PS8                          0.000     0.000 r  system_i/zynq_ultra_ps_e_0/inst/PS8_i/PLCLK[0]
                         net (fo=1, routed)           0.178     0.178    system_i/zynq_ultra_ps_e_0/inst/pl_clk_unbuffered[0]
    BUFG_PS_X0Y95        BUFG_PS (Prop_BUFG_PS_I_O)
                                                      0.029     0.207 r  system_i/zynq_ultra_ps_e_0/inst/buffer_pl_clk_0.PL_CLK_0_BUFG/O
    X0Y2 (CLOCK_ROOT)    net (fo=9512, routed)        2.013     2.220    system_i/axi_interconnect_0/s00_couplers/auto_pc/inst/gen_axilite.gen_b2s_conv.axilite_b2s/RD.r_channel_0/transaction_fifo_0/aclk
    SLICE_X2Y187         SRLC32E                                      r  system_i/axi_interconnect_0/s00_couplers/auto_pc/inst/gen_axilite.gen_b2s_conv.axilite_b2s/RD.r_channel_0/transaction_fifo_0/memory_reg[31][12]_srl32/CLK
                         clock pessimism             -0.171     2.049    
    SLICE_X2Y187         SRLC32E (Hold_F6LUT_SLICEM_CLK_D)
                                                      0.055     2.104    system_i/axi_interconnect_0/s00_couplers/auto_pc/inst/gen_axilite.gen_b2s_conv.axilite_b2s/RD.r_channel_0/transaction_fifo_0/memory_reg[31][12]_srl32
  -------------------------------------------------------------------
                         required time                         -2.104    
                         arrival time                           2.118    
  -------------------------------------------------------------------
                         slack                                  0.014    





Pulse Width Checks
--------------------------------------------------------------------------------------
Clock Name:         clk_pl_0
Waveform(ns):       { 0.000 2.500 }
Period(ns):         5.000
Sources:            { system_i/zynq_ultra_ps_e_0/inst/PS8_i/PLCLK[0] }

Check Type        Corner  Lib Pin          Reference Pin  Required(ns)  Actual(ns)  Slack(ns)  Location  Pin
Min Period        n/a     PS8/MAXIGP2ACLK  n/a            3.000         5.000       2.000      PS8_X0Y0  system_i/zynq_ultra_ps_e_0/inst/PS8_i/MAXIGP2ACLK
Low Pulse Width   Slow    PS8/MAXIGP2ACLK  n/a            1.500         2.500       1.000      PS8_X0Y0  system_i/zynq_ultra_ps_e_0/inst/PS8_i/MAXIGP2ACLK
High Pulse Width  Slow    PS8/MAXIGP2ACLK  n/a            1.500         2.500       1.000      PS8_X0Y0  system_i/zynq_ultra_ps_e_0/inst/PS8_i/MAXIGP2ACLK



---------------------------------------------------------------------------------------------------
Path Group:  **async_default**
From Clock:  clk_pl_0
  To Clock:  clk_pl_0

Setup :            0  Failing Endpoints,  Worst Slack        1.457ns,  Total Violation        0.000ns
Hold  :            0  Failing Endpoints,  Worst Slack        1.358ns,  Total Violation        0.000ns
---------------------------------------------------------------------------------------------------


Max Delay Paths
--------------------------------------------------------------------------------------
Slack (MET) :             1.457ns  (required time - arrival time)
  Source:                 system_i/proc_sys_reset_0/U0/ACTIVE_LOW_PR_OUT_DFF[0].FDRE_PER_N/C
                            (rising edge-triggered cell FDRE clocked by clk_pl_0  {rise@0.000ns fall@2.500ns period=5.000ns})
  Destination:            system_i/axi_ctrl_top_0/inst/weight_regs_reg[153][2]/CLR
                            (recovery check against rising-edge clock clk_pl_0  {rise@0.000ns fall@2.500ns period=5.000ns})
  Path Group:             **async_default**
  Path Type:              Recovery (Max at Slow Process Corner)
  Requirement:            5.000ns  (clk_pl_0 rise@5.000ns - clk_pl_0 rise@0.000ns)
  Data Path Delay:        3.172ns  (logic 0.124ns (3.909%)  route 3.048ns (96.091%))
  Logic Levels:           1  (BUFGCE=1)
  Clock Path Skew:        -0.162ns (DCD - SCD + CPR)
    Destination Clock Delay (DCD):    1.873ns = ( 6.873 - 5.000 ) 
    Source Clock Delay      (SCD):    2.149ns
    Clock Pessimism Removal (CPR):    0.114ns
  Clock Uncertainty:      0.137ns  ((TSJ^2 + DJ^2)^1/2) / 2 + PE
    Total System Jitter     (TSJ):    0.071ns
    Discrete Jitter          (DJ):    0.266ns
    Phase Error              (PE):    0.000ns
  Clock Net Delay (Source):      1.942ns (routing 0.764ns, distribution 1.178ns)
  Clock Net Delay (Destination): 1.706ns (routing 0.690ns, distribution 1.016ns)

    Location             Delay type                Incr(ns)  Path(ns)    Netlist Resource(s)
  -------------------------------------------------------------------    -------------------
                         (clock clk_pl_0 rise edge)
                                                      0.000     0.000 r  
    PS8_X0Y0             PS8                          0.000     0.000 r  system_i/zynq_ultra_ps_e_0/inst/PS8_i/PLCLK[0]
                         net (fo=1, routed)           0.178     0.178    system_i/zynq_ultra_ps_e_0/inst/pl_clk_unbuffered[0]
    BUFG_PS_X0Y95        BUFG_PS (Prop_BUFG_PS_I_O)
                                                      0.029     0.207 r  system_i/zynq_ultra_ps_e_0/inst/buffer_pl_clk_0.PL_CLK_0_BUFG/O
    X0Y2 (CLOCK_ROOT)    net (fo=9512, routed)        1.942     2.149    system_i/proc_sys_reset_0/U0/slowest_sync_clk
    SLICE_X3Y234         FDRE                                         r  system_i/proc_sys_reset_0/U0/ACTIVE_LOW_PR_OUT_DFF[0].FDRE_PER_N/C
  -------------------------------------------------------------------    -------------------
    SLICE_X3Y234         FDRE (Prop_EFF_SLICEL_C_Q)
                                                      0.096     2.245 r  system_i/proc_sys_reset_0/U0/ACTIVE_LOW_PR_OUT_DFF[0].FDRE_PER_N/Q
                         net (fo=1, routed)           1.424     3.669    system_i/proc_sys_reset_0/U0/peripheral_aresetn[0]_bufg_place
    BUFGCE_X0Y74         BUFGCE (Prop_BUFCE_BUFGCE_I_O)
                                                      0.028     3.697 r  system_i/proc_sys_reset_0/U0/ACTIVE_LOW_PR_OUT_DFF[0].FDRE_PER_N_bufg_place/O
                         net (fo=7155, routed)        1.624     5.321    system_i/axi_ctrl_top_0/inst/s_axi_aresetn_0
    SLICE_X5Y113         FDCE                                         f  system_i/axi_ctrl_top_0/inst/weight_regs_reg[153][2]/CLR  (IS_INVERTED)
  -------------------------------------------------------------------    -------------------

                         (clock clk_pl_0 rise edge)
                                                      5.000     5.000 r  
    PS8_X0Y0             PS8                          0.000     5.000 r  system_i/zynq_ultra_ps_e_0/inst/PS8_i/PLCLK[0]
                         net (fo=1, routed)           0.140     5.140    system_i/zynq_ultra_ps_e_0/inst/pl_clk_unbuffered[0]
    BUFG_PS_X0Y95        BUFG_PS (Prop_BUFG_PS_I_O)
                                                      0.027     5.167 r  system_i/zynq_ultra_ps_e_0/inst/buffer_pl_clk_0.PL_CLK_0_BUFG/O
    X0Y2 (CLOCK_ROOT)    net (fo=9512, routed)        1.706     6.873    system_i/axi_ctrl_top_0/inst/s_axi_aclk
    SLICE_X5Y113         FDCE                                         r  system_i/axi_ctrl_top_0/inst/weight_regs_reg[153][2]/C
                         clock pessimism              0.114     6.987    
                         clock uncertainty           -0.137     6.850    
    SLICE_X5Y113         FDCE (Recov_DFF2_SLICEM_C_CLR)
                                                     -0.072     6.778    system_i/axi_ctrl_top_0/inst/weight_regs_reg[153][2]
  -------------------------------------------------------------------
                         required time                          6.778    
                         arrival time                          -5.321    
  -------------------------------------------------------------------
                         slack                                  1.457    





Min Delay Paths
--------------------------------------------------------------------------------------
Slack (MET) :             1.358ns  (arrival time - required time)
  Source:                 system_i/proc_sys_reset_0/U0/ACTIVE_LOW_PR_OUT_DFF[0].FDRE_PER_N/C
                            (rising edge-triggered cell FDRE clocked by clk_pl_0  {rise@0.000ns fall@2.500ns period=5.000ns})
  Destination:            system_i/axi_ctrl_top_0/inst/data_in_regs_reg[15][4]/CLR
                            (removal check against rising-edge clock clk_pl_0  {rise@0.000ns fall@2.500ns period=5.000ns})
  Path Group:             **async_default**
  Path Type:              Removal (Min at Fast Process Corner)
  Requirement:            0.000ns  (clk_pl_0 rise@0.000ns - clk_pl_0 rise@0.000ns)
  Data Path Delay:        1.399ns  (logic 0.056ns (4.003%)  route 1.343ns (95.997%))
  Logic Levels:           1  (BUFGCE=1)
  Clock Path Skew:        0.061ns (DCD - SCD - CPR)
    Destination Clock Delay (DCD):    1.264ns
    Source Clock Delay      (SCD):    1.094ns
    Clock Pessimism Removal (CPR):    0.109ns
  Clock Net Delay (Source):      0.983ns (routing 0.386ns, distribution 0.597ns)
  Clock Net Delay (Destination): 1.126ns (routing 0.436ns, distribution 0.690ns)

    Location             Delay type                Incr(ns)  Path(ns)    Netlist Resource(s)
  -------------------------------------------------------------------    -------------------
                         (clock clk_pl_0 rise edge)
                                                      0.000     0.000 r  
    PS8_X0Y0             PS8                          0.000     0.000 r  system_i/zynq_ultra_ps_e_0/inst/PS8_i/PLCLK[0]
                         net (fo=1, routed)           0.094     0.094    system_i/zynq_ultra_ps_e_0/inst/pl_clk_unbuffered[0]
    BUFG_PS_X0Y95        BUFG_PS (Prop_BUFG_PS_I_O)
                                                      0.017     0.111 r  system_i/zynq_ultra_ps_e_0/inst/buffer_pl_clk_0.PL_CLK_0_BUFG/O
    X0Y2 (CLOCK_ROOT)    net (fo=9512, routed)        0.983     1.094    system_i/proc_sys_reset_0/U0/slowest_sync_clk
    SLICE_X3Y234         FDRE                                         r  system_i/proc_sys_reset_0/U0/ACTIVE_LOW_PR_OUT_DFF[0].FDRE_PER_N/C
  -------------------------------------------------------------------    -------------------
    SLICE_X3Y234         FDRE (Prop_EFF_SLICEL_C_Q)
                                                      0.039     1.133 r  system_i/proc_sys_reset_0/U0/ACTIVE_LOW_PR_OUT_DFF[0].FDRE_PER_N/Q
                         net (fo=1, routed)           0.687     1.820    system_i/proc_sys_reset_0/U0/peripheral_aresetn[0]_bufg_place
    BUFGCE_X0Y74         BUFGCE (Prop_BUFCE_BUFGCE_I_O)
                                                      0.017     1.837 r  system_i/proc_sys_reset_0/U0/ACTIVE_LOW_PR_OUT_DFF[0].FDRE_PER_N_bufg_place/O
                         net (fo=7155, routed)        0.656     2.493    system_i/axi_ctrl_top_0/inst/s_axi_aresetn_0
    SLICE_X6Y201         FDCE                                         f  system_i/axi_ctrl_top_0/inst/data_in_regs_reg[15][4]/CLR  (IS_INVERTED)
  -------------------------------------------------------------------    -------------------

                         (clock clk_pl_0 rise edge)
                                                      0.000     0.000 r  
    PS8_X0Y0             PS8                          0.000     0.000 r  system_i/zynq_ultra_ps_e_0/inst/PS8_i/PLCLK[0]
                         net (fo=1, routed)           0.120     0.120    system_i/zynq_ultra_ps_e_0/inst/pl_clk_unbuffered[0]
    BUFG_PS_X0Y95        BUFG_PS (Prop_BUFG_PS_I_O)
                                                      0.018     0.138 r  system_i/zynq_ultra_ps_e_0/inst/buffer_pl_clk_0.PL_CLK_0_BUFG/O
    X0Y2 (CLOCK_ROOT)    net (fo=9512, routed)        1.126     1.264    system_i/axi_ctrl_top_0/inst/s_axi_aclk
    SLICE_X6Y201         FDCE                                         r  system_i/axi_ctrl_top_0/inst/data_in_regs_reg[15][4]/C
                         clock pessimism             -0.109     1.155    
    SLICE_X6Y201         FDCE (Remov_HFF_SLICEL_C_CLR)
                                                     -0.020     1.135    system_i/axi_ctrl_top_0/inst/data_in_regs_reg[15][4]
  -------------------------------------------------------------------
                         required time                         -1.135    
                         arrival time                           2.493    
  -------------------------------------------------------------------
                         slack                                  1.358    





